// Jest Snapshot v1, https://goo.gl/fbAQLP

exports[`should test CreatePart component 1`] = `ShallowWrapper {}`;
