// Jest Snapshot v1, https://goo.gl/fbAQLP

exports[`should test MyTextField component 1`] = `ShallowWrapper {}`;
