// Jest Snapshot v1, https://goo.gl/fbAQLP

exports[`should test Part component 1`] = `ShallowWrapper {}`;
